ack-grep					install
acpi						install
acpi-fakekey					install
acpi-support					install
acpi-support-base				install
acpid						install
adduser						install
alsa-base					install
alsa-utils					install
anacron						install
apt						install
apt-utils					install
apt-xapian-index				install
aptitude					install
asunder						install
base-files					install
base-passwd					install
bash						install
bash-completion					install
binutils					install
bison						install
bsdmainutils					install
bsdutils					install
bzip2						install
ca-certificates					install
catdoc						install
cdparanoia					install
chromium					install
chromium-inspector				install
configure-debian				install
console-setup					install
console-setup-linux				install
coreutils					install
cpio						install
cpp						install
cpp-4.6						install
cpufrequtils					install
cron						install
curl						install
dash						install
dbus						install
dbus-x11					install
debconf						install
debian-archive-keyring				install
debianutils					install
deborphan					install
debtags						install
defoma						install
dictionaries-common				install
diffutils					install
discover					install
discover-data					install
dkms						install
dmsetup						install
dpkg						install
dracut						install
e2fslibs					install
e2fsprogs					install
ed						install
esound-common					install
ethtool						install
exuberant-ctags					install
fbreader					install
fdupes						install
feh						install
file						install
findutils					install
firmware-linux-free				install
firmware-realtek				install
flac						install
flashplugin-nonfree				install
fontconfig					install
fontconfig-config				install
fonts-liberation				install
gcc						install
gcc-4.6						install
gcc-4.6-base					install
gconf2-common					install
gdb						install
gdbserver					install
gdisk						install
genisoimage					install
geoip-database					install
gettext-base					install
ghostscript					install
ghostscript-cups				install
ghostscript-x					install
giblib1						install
gir1.2-glib-2.0					install
git						install
git-man						install
glx-alternative-mesa				install
glx-alternative-nvidia				install
glx-diversions					install
gnupg						install
gpart						install
gparted						install
gpgv						install
gpm						install
graphviz					install
grep						install
groff-base					install
grub-common					install
grub-pc						install
grub-pc-bin					install
grub2-common					install
gs-cjk-resource					install
gsfonts						install
gsfonts-x11					install
gv						install
gzip						install
hdparm						install
hicolor-icon-theme				install
hostname					install
htop						install
ifupdown					install
initscripts					install
insserv						install
install-info					install
intel-microcode					install
iotop						install
iproute						install
iputils-ping					install
isc-dhcp-client					install
isc-dhcp-common					install
iso-codes					install
kbd						install
keyboard-configuration				install
kpartx						install
lame						install
less						install
lesstif2					install
libaa1						install
libacl1						install
libao-common					install
libao4						install
libarchive1					install
libasound2					install
libasound2-plugins				install
libass4						install
libasyncns0					install
libatk1.0-0					install
libatk1.0-data					install
libatkmm-1.6-1					install
libattr1					install
libaudio2					install
libaudiofile0					install
libaudit0					install
libavahi-client3				install
libavahi-common-data				install
libavahi-common3				install
libavcodec53					install
libavformat53					install
libavutil51					install
libbison-dev					install
libblas3gf					install
libblkid1					install
libbluray1					install
libboost-filesystem1.46.1			install
libboost-iostreams1.46.1			install
libboost-system1.46.1				install
libboost-thread1.46.1				install
libbsd0						install
libbz2-1.0					install
libc-bin					install
libc-dev-bin					install
libc6						install
libc6-dbg					install
libc6-dev					install
libcaca0					install
libcairo2					install
libcairomm-1.0-1				install
libcap-ng0					install
libcap2						install
libcddb2					install
libcdparanoia0					install
libcdt4						install
libcgraph5					install
libclass-isa-perl				install
libcomerr2					install
libcpufreq0					install
libcups2					install
libcupsimage2					install
libcurl3					install
libcurl3-gnutls					install
libcwidget3					install
libdatrie1					install
libdb4.8					install
libdb5.1					install
libdbus-1-3					install
libdbus-glib-1-2				install
libdca0						install
libdevmapper1.02.1				install
libdirac-encoder0				install
libdirectfb-1.2-9				install
libdiscover2					install
libdrm-intel1					install
libdrm-nouveau1a				install
libdrm-radeon1					install
libdrm2						install
libdvdnav4					install
libdvdread4					install
libedit2					install
libenca0					install
libept1						install
liberror-perl					install
libesd0						install
libevent-2.0-5					install
libexpat1					install
libfaad2					install
libffi5						install
libfile-basedir-perl				install
libfile-desktopentry-perl			install
libfile-mimeinfo-perl				install
libfile-next-perl				install
libflac8					install
libfont-freetype-perl				install
libfontconfig1					install
libfontenc1					install
libfreetype6					install
libfribidi0					install
libfuse2					install
libgcc1						install
libgconf2-4					install
libgcrypt11					install
libgd2-xpm					install
libgdbm3					install
libgdk-pixbuf2.0-0				install
libgdk-pixbuf2.0-common				install
libgeoip1					install
libgfortran3					install
libgif4						install
libgirepository-1.0-1				install
libgl1-mesa-dri					install
libgl1-mesa-glx					install
libgl1-nvidia-alternatives			install
libgl1-nvidia-glx				install
libglade2-0					install
libglapi-mesa					install
libglib2.0-0					install
libglib2.0-data					install
libglibmm-2.4-1c2a				install
libglx-nvidia-alternatives			install
libgmp10					install
libgnutls26					install
libgomp1					install
libgpg-error0					install
libgpm2						install
libgraph4					install
libgs9						install
libgs9-common					install
libgsf-1-114					install
libgsf-1-common					install
libgsm1						install
libgssapi-krb5-2				install
libgtk2.0-0					install
libgtk2.0-bin					install
libgtk2.0-common				install
libgtkmm-2.4-1c2a				install
libgtksourceview2.0-0				install
libgtksourceview2.0-common			install
libgudev-1.0-0					install
libgvc5						install
libgvpr1					install
libice6						install
libicu48					install
libid3tag0					install
libidl0						install
libidn11					install
libijs-0.35					install
libimlib2					install
libimobiledevice2				install
libiw30						install
libjack-jackd2-0				install
libjasper1					install
libjbig2dec0					install
libjpeg-progs					install
libjpeg62					install
libjpeg8					install
libjson0					install
libk5crypto3					install
libkeyutils1					install
libkrb5-3					install
libkrb5support0					install
liblapack3gf					install
liblcms1					install
liblcms2-2					install
libldap-2.4-2					install
liblinebreak2					install
liblircclient0					install
liblocale-gettext-perl				install
liblockfile-bin					install
liblockfile1					install
libltdl7					install
liblua5.1-0					install
liblzma5					install
libmagic1					install
libmng1						install
libmount1					install
libmp3lame0					install
libmpc2						install
libmpfr4					install
libmpg123-0					install
libncurses5					install
libncursesw5					install
libnewt0.52					install
libnl2						install
libnl3						install
libnspr4-0d					install
libnss3-1d					install
libogg0						install
libopenjpeg2					install
liborbit2					install
liborc-0.4-0					install
libp11-kit0					install
libpam-modules					install
libpam-modules-bin				install
libpam-runtime					install
libpam0g					install
libpango1.0-0					install
libpangomm-1.4-1				install
libpaper-utils					install
libpaper1					install
libparted0debian1				install
libpathplan4					install
libpci3						install
libpciaccess0					install
libpcre3					install
libpcsclite1					install
libperl5.14					install
libpipeline1					install
libpixman-1-0					install
libplist1					install
libpng12-0					install
libpolkit-gobject-1-0				install
libpoppler13					install
libpopt0					install
libpostproc52					install
libpulse0					install
libpython2.7					install
libqt4-dbus					install
libqt4-network					install
libqt4-xml					install
libqtcore4					install
libqtgui4					install
libquadmath0					install
libreadline-dev					install
libreadline5					install
libreadline6					install
libreadline6-dev				install
librsync1					install
librtmp0					install
libruby1.8					install
libsamplerate0					install
libsasl2-2					install
libsasl2-modules				install
libschroedinger-1.0-0				install
libsdl1.2debian					install
libselinux1					install
libsensors4					install
libsepol1					install
libsigc++-2.0-0c2a				install
libslang2					install
libsm6						install
libsmbclient					install
libsndfile1					install
libspeex1					install
libspeexdsp1					install
libsqlite3-0					install
libsqlite3-dev					install
libss2						install
libssh2-1					install
libssl1.0.0					install
libstdc++6					install
libswitch-perl					install
libswscale2					install
libsysfs2					install
libtalloc2					install
libtasn1-3					install
libtdb1						install
libtext-charwidth-perl				install
libtext-iconv-perl				install
libtext-wrapi18n-perl				install
libthai-data					install
libthai0					install
libtheora0					install
libtiff4					install
libtinfo-dev					install
libtinfo5					install
libtorrent-rasterbar6				install
libts-0.0-0					install
libudev0					install
libupower-glib1					install
libusb-0.1-4					install
libusb-1.0-0					install
libusbmuxd1					install
libuuid-perl					install
libuuid1					install
libv8-3.5.10.24					install
libva1						install
libvdpau1					install
libvorbis0a					install
libvorbisenc2					install
libvorbisfile3					install
libvpx0						install
libwavpack1					install
libwbclient0					install
libwebp2					install
libwmf0.2-7					install
libwrap0					install
libwv-1.2-3					install
libx11-6					install
libx11-data					install
libx11-xcb1					install
libx264-118					install
libx86-1					install
libxapian22					install
libxau6						install
libxaw7						install
libxcb-render0					install
libxcb-shape0					install
libxcb-shm0					install
libxcb1						install
libxcomposite1					install
libxcursor1					install
libxdamage1					install
libxdmcp6					install
libxdot4					install
libxext6					install
libxfixes3					install
libxfont1					install
libxft2						install
libxi6						install
libxinerama1					install
libxkbfile1					install
libxml2						install
libxml2-dev					install
libxml2-utils					install
libxmu6						install
libxmuu1					install
libxp6						install
libxpm4						install
libxrandr2					install
libxrender1					install
libxslt1.1					install
libxss1						install
libxt6						install
libxtst6					install
libxv1						install
libxvidcore4					install
libxvmc1					install
libxxf86dga1					install
libxxf86vm1					install
libzlcore-data					install
libzlcore0.12					install
libzltext-data					install
libzltext0.12					install
libzlui-qt4					install
linux-base					install
linux-headers-3.1.0-1-amd64			install
linux-headers-3.1.0-1-common			install
linux-headers-amd64				install
linux-image-3.1.0-1-amd64			install
linux-image-amd64				install
linux-kbuild-3.1				install
linux-libc-dev					install
linux-sound-base				install
lm-sensors					install
locales						install
lockfile-progs					install
login						install
logrotate					install
lsb-base					install
lsof						install
m4						install
make						install
man-db						install
manpages					install
manpages-dev					install
mawk						install
mc						install
meld						install
mercurial					install
mercurial-common				install
microcode.ctl					install
mime-support					install
miscfiles					install
module-init-tools				install
mount						install
mpg123						install
mplayer2					install
multiarch-support				install
ncurses-base					install
ncurses-bin					install
net-tools					install
netbase						install
ntpdate						install
nvidia-alternative				install
nvidia-glx					install
nvidia-installer-cleanup			install
nvidia-kernel-common				install
nvidia-kernel-dkms				install
nvidia-settings					install
nvidia-support					install
nvidia-vdpau-driver				install
openssh-blacklist				install
openssh-blacklist-extra				install
openssh-client					install
openssl						install
os-prober					install
oss-compat					install
pandoc						install
parted						install
passwd						install
patch						install
pciutils					install
perl						install
perl-base					install
perl-modules					install
pkg-config					install
pm-utils					install
poppler-data					install
poppler-utils					install
powermgmt-base					install
powertop					install
procps						install
psmisc						install
python						install
python-apt					install
python-apt-common				install
python-cairo					install
python-chardet					install
python-debian					install
python-gconf					install
python-gi					install
python-glade2					install
python-gobject					install
python-gobject-2				install
python-gtk2					install
python-gtksourceview2				install
python-minimal					install
python-numpy					install
python-pylibacl					install
python-pyxattr					install
python-support					install
python-tz					install
python-xapian					install
python2.7					install
python2.7-minimal				install
qbittorrent					install
rc						install
rcconf						install
rdiff-backup					install
readline-common					install
rsync						install
rsyslog						install
rxvt-unicode					install
sed						install
sensible-utils					install
setcd						install
sgml-base					install
shared-mime-info				install
smartmontools					install
smplayer					install
sqlite3						install
sqlite3-doc					install
ssh-askpass					install
suckless-tools					install
sudo						install
sysv-rc						install
sysvinit					install
sysvinit-utils					install
tar						install
tcl8.5						install
time						install
tsconf						install
ttf-dejavu					install
ttf-dejavu-core					install
ttf-dejavu-extra				install
ttf-freefont					install
tuxcmd						install
tuxcmd-modules					install
tzdata						install
ucf						install
udev						install
unzip						install
upower						install
usbmuxd						install
usbutils					install
util-linux					install
valgrind					install
vbetool						install
vim-common					install
vim-gtk						install
vim-gui-common					install
vim-runtime					install
vorbis-tools					install
wavpack						install
wget						install
whiptail					install
wireless-tools					install
wmii						install
wodim						install
wpasupplicant					install
wv						install
x-ttcidfont-conf				install
x11-common					install
x11-utils					install
x11-xkb-utils					install
x11-xserver-utils				install
xauth						install
xaw3dg						install
xdg-utils					install
xfonts-base					install
xfonts-encodings				install
xfonts-utils					install
xinit						install
xkb-data					install
xml-core					install
xpdf						install
xserver-common					install
xserver-xorg					install
xserver-xorg-core				install
xserver-xorg-input-evdev			install
xserver-xorg-input-synaptics			install
xserver-xorg-video-nouveau			install
xserver-xorg-video-nvidia			install
xz-utils					install
zip						install
zlib1g						install
